✔ actual SSE with absent/wrong MIME delivers before HTTP completion: {} (72.460333ms)
✔ actual SSE with absent/wrong MIME delivers before HTTP completion: {"Content-Type":"text/plain"} (17.494166ms)
✔ actual SSE with absent/wrong MIME delivers before HTTP completion: {"content-type":"application/octet-stream"} (12.448708ms)
✔ BOM/initial CRLF and split SSE field prefix identify one continuous stream (8.839541ms)
✔ recognized HTTP failure holds SSE-looking body until the real error response (6.896708ms)
✔ unknown status does not become success after body-based SSE identification (7.060417ms)
✔ ordinary JSON and text containing data: retain HTTP-gated delivery (16.223167ms)
✔ trusted MIME preserves existing direct delivery before status is known (7.9605ms)
✔ body-confirmed SSE delivery survives late non-SSE response headers (8.997417ms)
✔ prefix probe is bounded and never scans later text for an SSE marker (11.551167ms)
✔ UIAbility owner survives WorkScheduler progress and the last run stops with its original context (66.308375ms)
✔ cold WorkScheduler progress does not request a UIAbility background lease (24.779625ms)
✔ outgoing notification metadata and click target follow the remaining activity even without byte growth (3315.770958ms)
✔ replacement activity refreshes its full title when display prefix and bytes stay unchanged (2209.194791ms)
✔ A/B activity lifecycle: shared task, per-run removal, same-ID absolute progress, silence stays silent (3314.81425ms)
✔ foreground during a pending start stops the late-acquired task immediately (24.847333ms)
✔ B registering while A native stop is pending regains the lease without another progress event (12.623875ms)
✔ foreground or disposal while a replacement is waiting for native stop never restarts the lease (18.893791ms)
✔ tracker: history baseline is zero, growth counts once, retry never decreases, USER/tool-output excluded, UTF8 bytes are real (7.557542ms)
✔ tracker skips unchanged history UTF8 work but measures immutable replacements and retry maxima (3.994625ms)
✔ actual resume HTTP is GET for the same response ID and durable cursor, without POST body (6.248291ms)
✔ initial resumable generation explicitly posts background/store true and checkpoints created ID (0.892834ms)
✔ resumable SSE processing waits for canonical/cursor checkpoint before consuming the next event (5.953125ms)
✔ disconnect preserves the last parsed partial/cursor and never posts a fresh generation (1.056542ms)
✔ checkpoint failure blocks later chunks and cursor advancement (0.667917ms)
✔ GET resume rejects unsupported provider, disabled resume and wrong provider without sending anything (0.573709ms)
✔ invalid ID or sequence is rejected before HTTP, with no fallback (0.591541ms)
✔ server expired response and terminal failure propagate after exactly one GET (0.472792ms)
✔ resumed stream ignores already committed sequence numbers and requires explicit terminal event (0.221583ms)
✔ created response without real ID/sequence fails instead of inventing resumability (0.342917ms)
✔ terminal cursor is checkpointed after complete tool content reaches the canonical accumulator (0.644208ms)
✔ completed cursor requires a validated completed response status (0.160625ms)
✔ actual HTTP adapter terminal succeeds with unknown HTTP status and commits tools before the terminal cursor (354.64525ms)
✔ unknown HTTP status never bypasses missing terminal, provider failure, transport failure or cancellation (0.939792ms)
✔ Responses native opaque reasoning survives output parsing and reconciliation (0.315458ms)
✔ Responses final opaque reasoning enriches streamed summary without duplicating visible reasoning (0.226875ms)
✔ Responses reasoning identity preserves unstreamed final blocks beside a streamed block (0.089875ms)
✔ Responses HTTP 200 failed rejects with provider message and displayable partial without tools (0.19525ms)
✔ Responses output parser rejects content_filter and unknown incomplete reasons (0.1055ms)
✔ Responses legal output cap retains text and existing finishReason in both paths (0.056583ms)
✔ Responses stream content_filter rejects, keeps previously delivered text and never publishes final tools (0.330417ms)
✔ Responses stream failure preserves nested provider error and incomplete event checks missing status (0.178958ms)
✔ Responses JSON-only terminal completion stops stream before trailing chunks (0.179708ms)
✔ Responses failed stream never executes speculative tools in the real tool loop (1.873292ms)
✔ Responses failed terminal preserves envelope-only text and reconciles overlapping partial text (0.254875ms)
✔ Responses successful stream publishes each completed call once, after transport success, preserving wire IDs (0.504375ms)
✔ Responses cancellation or HTTP failure after completed envelope never publishes buffered tools (0.18775ms)
✔ Responses fragmented arguments and terminal-only call ID produce one complete replayable call (0.369458ms)
✔ Responses EOF before successful terminal rejects and discards calls (0.101583ms)
ℹ tests 49
ℹ suites 0
ℹ pass 49
ℹ fail 0
ℹ cancelled 0
ℹ skipped 0
ℹ todo 0
ℹ duration_ms 9390.615542
