✔ editorial template renders every article field without the old display caps (2.742708ms)
✔ a rejected hero asset is hidden in Web templates just as it is in native reading (0.991166ms)
✔ Web hero uses the approved fallback asset and its caption without repeating it in the gallery (0.227125ms)
✔ Web gallery excludes rejected and non-HTTP assets while retaining accepted images once (0.180959ms)
✔ summary Markdown uses the shared AST for blocks and inline formatting (0.820708ms)
✔ article strings cannot escape HTML or create executable link/image URLs (0.174625ms)
✔ old six-slot custom templates append chapters that had no original slot (0.486709ms)
✔ the content slot renders the whole article once and title text is not substituted again (2.118167ms)
✔ an unclosed full HTML shell still receives every unslotted article chapter (0.689292ms)
✔ placeholders in HTML comment examples do not consume visible article chapters (0.6425ms)
✔ style examples preserve CSS and do not consume visible article chapters (2.241625ms)
✔ partial articles show reference-only, diagram-only and core-point-only content (0.26475ms)
✔ editorial and custom renders use current theme, font scale and serif preference (0.553542ms)
✔ display options cannot inject CSS/HTML and non-finite scale falls back to a safe number (0.120125ms)
✔ template limit counts UTF-8 bytes, accepts the limit and rejects one byte more (1.334333ms)
✔ manual, generated and imported template contents share strict active-content validation (0.108708ms)
✔ template documents disable scripts and external active fetches while allowing article images (0.438042ms)
✔ corrupt template storage and real storage failures propagate instead of an empty list (0.300792ms)
✔ saving rejects unsafe template content before storage mutation and preserves valid creation time (0.091125ms)
✔ legacy custom templates default to an empty description and new descriptions round-trip without changing HTML (0.090625ms)
✔ workbench reload uses the same percent scale and font mode as the article page (29.543417ms)
✔ Workbench preview sends raw rendered HTML with Chinese, CSS colors and percent text to loadData (2.791ms)
✔ Workbench current main-document errors close the preview with an error, while obsolete and subresource errors do nothing (1.159792ms)
✔ Workbench waits for each current initial blank document once, and old preview/theme callbacks cannot close a new preview (1.941708ms)
✔ workbench saving an edited template preserves its creation time and other templates (3.422834ms)
✔ workbench save failure keeps the list and editor identity and exposes the storage error (2.734541ms)
✔ workbench delete failure retains the list, editor and selected template (2.982875ms)
✔ workbench unsafe save leaves editor content visible and does not attempt a write (3.065333ms)
✔ new hierarchy has a conclusion, judgments, turns, party interests and a verifiable outlook (0.618625ms)
✔ numbered citations preserve text source positions, discard invalid ids, and never expose unsafe links (0.495291ms)
✔ topic type changes question order without dropping legacy sections (1.001208ms)
✔ new template slots and old reference slots share one numbered source chapter (0.424917ms)
✔ Workbench preview follows local citation anchors while blocking external navigation (1.124375ms)
✔ reader appearance persists independently of generation templates and failed writes do not publish a selection (0.183292ms)
✔ four reading layouts reorder real sections and eight styles render distinct canvases without changing captured custom HTML (2.583959ms)
✔ safeTake: does not split UTF-16 surrogate pair (emoji) (0.425084ms)
✔ mergeReadingLinks: dedup by url (trim trailing slash), http only, take limit (0.240583ms)
✔ tools(stages) filters writer tools but keeps visuals/diagram/finish (0.436917ms)
✔ overview: too-short summary → missing_required_content, not READY (0.39625ms)
✔ narrative: event missing → timeline dropped (0.476834ms)
✔ structured narrative images require a non-rejected candidate while preserving the article (3.6165ms)
✔ analysis: all empty → missing_required_content (0.224458ms)
✔ extended_reading: valid links → READY (0.20375ms)
✔ extended_reading: no http links → missing (0.087375ms)
✔ visuals: hero_url NOT in candidate pool → hero fields dropped (P1-1 gate) (0.189291ms)
✔ visuals: hero_url in pool but confidence=reject → dropped (0.091208ms)
✔ visuals: image_assets must be in candidate pool (withCandidateEvidence) (0.155541ms)
✔ visuals: no hero no assets → no write (writeCount unchanged) (0.062333ms)
✔ diagram: invalid type → missing (0.152416ms)
✔ diagram: <2 nodes → missing (nodes < 2) (0.061959ms)
✔ diagram: duplicate node id deduped (0.086541ms)
✔ diagram: edge to unknown node / self edge dropped (0.074083ms)
✔ finish: not all sections ready → generationComplete=false, missing list returned (0.096708ms)
✔ finish: all ready → VERIFYING 过渡,二次 finish → COMPLETE (0.077ms)
✔ markFailed: sets FAILED with truncated message, skips READY (0.04825ms)
✔ writeFallbackSection: OVERVIEW with useful assistant text → READY BASIC (0.190125ms)
✔ writeFallbackSection: skips if already READY and !allowReadyRewrite (0.033917ms)
✔ writeFallbackSection: low-quality assistant text → falls back to source/default text (0.069417ms)
✔ tool execute: empty/invalid JSON input → treated as empty object (no throw) (0.058083ms)
ℹ tests 59
ℹ suites 0
ℹ pass 59
ℹ fail 0
ℹ cancelled 0
ℹ skipped 0
ℹ todo 0
ℹ duration_ms 443.46
