▶ parseInline basic
  ✔ empty string → empty array (0.552791ms)
✔ parseInline basic (1.4155ms)
▶ parseInline code
  ✔ code takes priority over bold/italic (0.542208ms)
✔ parseInline code (0.719167ms)
▶ parseInline bold
  ✔ bold cannot contain asterisks (0.441083ms)
✔ parseInline bold (0.646209ms)
▶ parseInline italic
  ✔ italic text (0.385583ms)
✔ parseInline italic (0.602542ms)
▶ parseInline link
  ✔ preserves balanced, escaped and angle-wrapped destinations for native reading (0.936417ms)
  ✔ uses the same destination rules for images and preserves escaped labels (0.221875ms)
  ✔ keeps code precedence and rejects unsafe wrapped destinations (0.24025ms)
  ✔ retains unfinished destinations as text and consumes deeply balanced URLs without recursion (1.611917ms)
  ✔ does not let an empty label consume a later valid link and retains formula precedence (0.074625ms)
  ✔ recovers the later source after malformed angle or unbalanced destinations (0.095875ms)
  ✔ code containing malformed destinations does not consume a following source (0.06225ms)
  ✔ recovers an unconsumed label directly after a malformed angle wrapper (0.044375ms)
  ✔ escaped labels keep brackets, backticks and dollar signs literal (0.038583ms)
  ✔ escaped-label prepass preserves code, math and normal image priority (0.077375ms)
  ✔ link (0.0355ms)
  ✔ unsafe scheme → plain text (0.029416ms)
✔ parseInline link (3.873458ms)
▶ parseInline image
  ✔ image takes priority over link (0.051291ms)
✔ parseInline image (0.080292ms)
▶ parseInline mixed
  ✔ bold + code + link in one line (0.044042ms)
✔ parseInline mixed (0.065292ms)
▶ parseMarkdown headings
  ✔ h1-h6 (0.773583ms)
  ✔ not a heading without space after # (0.127791ms)
✔ parseMarkdown headings (0.955041ms)
▶ parseMarkdown paragraphs
  ✔ two paragraphs separated by blank line (0.047166ms)
  ✔ multi-line paragraph (0.0605ms)
✔ parseMarkdown paragraphs (0.14325ms)
▶ parseMarkdown code blocks
  ✔ code block without lang (0.063541ms)
  ✔ code block with lang (0.034958ms)
  ✔ code block followed by paragraph (0.033542ms)
✔ parseMarkdown code blocks (0.174ms)
▶ parseMarkdown lists
  ✔ ordered list preserves its source start number (0.110125ms)
  ✔ ordered list preserves zero as a valid start number (0.053666ms)
  ✔ list items have inline tokens (0.048375ms)
  ✔ flat list omits depths field (0.026166ms)
  ✔ uniformly indented flat list also omits depths (0.02725ms)
  ✔ nested unordered list emits per-item depths (2 spaces per level) (0.040208ms)
  ✔ nested ordered list emits per-item depths (0.030792ms)
  ✔ depths clamp at 3 and never go negative on dedent (0.027ms)
✔ parseMarkdown lists (0.437458ms)
▶ orderedListLabel numbering
  ✔ flat list continues from start (0.052625ms)
  ✔ nested depth restarts at 1, top level continues after it (0.031958ms)
  ✔ deeper depth resets when returning to a shallower one (0.023125ms)
✔ orderedListLabel numbering (0.175542ms)
▶ parseMarkdown blockquote
  ✔ multi-line blockquote (0.051333ms)
✔ parseMarkdown blockquote (0.07075ms)
▶ parseMarkdown hr
  ✔ --- is hr (0.029375ms)
  ✔ *** is hr (0.019375ms)
✔ parseMarkdown hr (0.073208ms)
▶ parseMarkdown table
  ✔ simple table has stable columns and default alignment (0.151667ms)
  ✔ table preserves alignment markers and pads narrow rows (0.069042ms)
  ✔ escaped pipe stays inside one table cell (0.033292ms)
✔ parseMarkdown table (0.309375ms)
▶ parseMarkdown mixed document
  ✔ heading + paragraph + code + list (0.060667ms)
✔ parseMarkdown mixed document (0.080083ms)
▶ parseMarkdown safety
  ✔ does not collide with a user-written placeholder (0.054042ms)
  ✔ retains malformed input as text instead of throwing (8.381833ms)
✔ parseMarkdown safety (8.480792ms)
▶ parseMarkdown empty
  ✔ empty string → empty array (0.043083ms)
  ✔ whitespace only → empty array (0.021875ms)
✔ parseMarkdown empty (0.103292ms)
✔ partial heading markers always consume their source line (0.189292ms)
✔ prefixReuseSafe:空内容安全 (0.907292ms)
✔ prefixReuseSafe:末尾空行安全(块间分隔) (0.303208ms)
✔ prefixReuseSafe:完整块行安全(标题/水平线/闭合围栏) (0.076792ms)
✔ prefixReuseSafe:段落末行不安全(续行合并) (0.0495ms)
✔ prefixReuseSafe:未闭合代码围栏内部不安全 (0.057042ms)
✔ prefixReuseSafe:列表/引用/表格续行不安全 (0.0395ms)
✔ MarkdownCache:同内容同 offset 二次解析精确命中 (0.830375ms)
✔ MarkdownCache:同 offset 不同内容全量重解析(失效) (0.143042ms)
✔ MarkdownCache:不同 message 互不干扰 (0.132917ms)
✔ MarkdownCache:前缀命中只解析尾部增量 (0.131292ms)
✔ MarkdownCache:前缀命中结果与全量解析一致 (0.108292ms)
✔ MarkdownCache:取最长安全前缀候选 (0.073459ms)
✔ MarkdownCache:围栏未闭合 → 前缀复用不安全 → 全量解析 (0.09125ms)
✔ MarkdownCache:闭合围栏后可安全增量 (0.060291ms)
✔ MarkdownCache:表格续行回退全量(前缀复用会产出错误块) (0.227416ms)
✔ MarkdownCache:条目数不超上限,LRU 淘汰最旧 (0.356833ms)
✔ MarkdownCache:同一消息旧 offset 条目被回收(offset 递增失效) (0.071ms)
✔ MarkdownCache:get 直查不解析(MessageRenderCache.markdownParseResult 语义) (0.059708ms)
✔ MarkdownCache:clear 清空并重置统计 (0.0415ms)
✔ MarkdownCache:总字符预算不超上限 (23.167583ms)
✔ markdownCacheKey:messageId + offset 组合且不碰撞 (0.075ms)
✔ MarkdownCache:stats 累计命中/解析次数 (0.071167ms)
✔ MarkdownCache:20KB稳定段落只解析一次,后续帧只解析活动尾并复用块对象 (17.054416ms)
✔ MarkdownCache:每字符流式代码/表格/列表/数学/换行与全量解析深等 (6.39025ms)
✔ MarkdownCache:替换/截短失效后重建稳定前缀 (0.105166ms)
✔ MarkdownCache:checkpoint前进只解析新完成片段和活动尾,统计实际parse调用 (0.081709ms)
▶ math Markdown recognition
  ✔ supports inline and display standard delimiters without consuming escaped dollars or code (2.004417ms)
  ✔ keeps multiline display formulas including internal blanks and Markdown-like lines in one block (1.689666ms)
  ✔ replaces an incomplete streaming formula when its closing delimiter arrives (0.526584ms)
✔ math Markdown recognition (5.447625ms)
✔ NativeInlineRenderer appends only new text and publishes stable surface (0.756708ms)
✔ NativeInlineRenderer replaces only incompatible tail after Markdown retyping, without replaying old text (0.734042ms)
✔ NativeInlineRenderer onFrame fades appended unit only, content unchanged and completion keeps fade running (0.638208ms)
✔ NativeInlineRenderer append units retain their own clocks and never replay earlier ranges (0.159834ms)
✔ NativeInlineRenderer clamps fade to iOS 0.5s for 1/12 chars and scales 36/600 chars (0.126125ms)
✔ NativeInlineRenderer retype keeps only surviving prefix fades and never splits emoji (0.100917ms)
✔ style-only correction keeps existing opacity and does not replay already visible text (0.105916ms)
✔ fade frames publish rendering only, never rebind native text (0.077458ms)
✔ drawing ranges are detached snapshots and track retyping and final fade retirement (0.122958ms)
✔ a newly mounted streaming paragraph fades in for 500ms even when its first snapshot is large (0.105041ms)
✔ PDF support requires both API 14 and ArkWeb capability (13.489125ms)
✔ text sharing uses plain text with its title and never creates a cache file (6.16025ms)
✔ Markdown save/share preserve exact UTF8 through short writes and retain the successful share file (7.693041ms)
✔ PDF save/share write only the view byteOffset/byteLength, close first and keep the shared file (5.532875ms)
✔ picker cancellation is false without opening or writing a file (4.290709ms)
✔ a picker result after the export panel closes cannot write the selected URI (5.689833ms)
✔ inactive exports never open picker/share UI and a late share gate cleans its prepared file (5.515958ms)
✔ share failure cleans the written cache file and preserves the original error when cleanup also fails (5.763292ms)
✔ cache write failure is cleaned before sharing and close/cleanup failures do not mask the write error (6.485417ms)
✔ a zero-byte write fails explicitly and cleans the incomplete share file (5.773084ms)
✔ a later failed markdown share of the same display filename preserves the previous recipient URI (5.150375ms)
✔ a later failed pdf share of the same display filename preserves the previous recipient URI (4.882375ms)
✔ repeated successful shares preserve independent immutable files with the same display filename (4.6395ms)
✔ TXT save and file share keep exact UTF8 and partial labels through short writes (4.388ms)
✔ TXT cancellation and late picker result never write, and system share errors stay observable (6.500625ms)
✔ actual AST text formatter retains list numbering, nesting, links, images, tables and code facts in saved bytes (6.032667ms)
✔ DeepRead Web and TXT retain balanced parentheses in report destinations (6.127791ms)
✔ DeepRead Web and TXT unwrap angle destinations for links and images (0.254042ms)
✔ DeepRead retains code spans and blocks unsafe link/image destinations (0.116333ms)
✔ DeepRead retains the source anchor following malformed destinations or code examples (0.197041ms)
ℹ tests 107
ℹ suites 19
ℹ pass 107
ℹ fail 0
ℹ cancelled 0
ℹ skipped 0
ℹ todo 0
ℹ duration_ms 512.420834
