✔ actual source action launches only absolute HTTP URLs through the system browser Want (39.355042ms)
✔ browser errors are visible, duplicate activation is blocked and unavailable context is explicit (12.733375ms)
✔ departed and reopened source pages reject old load, subscription and browser error callbacks (9.960792ms)
✔ a newer source observation wins over the older initial repository read in the same page (8.841ms)
✔ embedded sources read the article topic, and closing during exit invalidates callbacks and actions (7.383625ms)
✔ source disclosure animates the real expansion and reduced motion reaches the same content directly (13.160542ms)
✔ a stale disclosure animation callback cannot change a departed and reopened source page (5.239375ms)
✔ source disclosure keeps each discovery report separate while previewing full Composer text (5.147792ms)
✔ direct discovery cards preserve every report and no-URL source metadata before opening an article (52.33525ms)
✔ masthead issue comes from real library size and a late old-page result cannot overwrite a returning page (5.260958ms)
✔ festival matches iOS lunar dates and excludes leap months (26.653625ms)
✔ discovery offset waits for actual content and restores once after its root was replaced (1.87575ms)
✔ each source retains its own collapsed state across tab replacement without changing another source (6.044084ms)
✔ discovery composer is dismissed only after its saved article opens; rejection keeps the draft sheet available (2.387833ms)
✔ library running-dot pulse stops on hidden page, clipped card, background, reduced motion and disposal (6.806667ms)
✔ saved icon feedback has one finite bounce and cancels on reduce-motion or disposal (4.962292ms)
✔ composer insertion/removal keeps actual inputs and reduced motion removes spatial animation (2.436958ms)
✔ independent source edits persist in event order and continue after immediate Back (20.438458ms)
✔ failed instant source write reloads the actual preference and shows the storage error (7.279917ms)
✔ host discovery source edits retain the original explicit-save timing (7.758208ms)
✔ hidden discovery mount loads on its first visible transition and reloads after cancellation (25.998542ms)
✔ initially visible discovery mount uses its existing loading gate to prevent duplicate work (5.937542ms)
✔ browser launch failures report the failed action without claiming a clipboard write (4.4745ms)
✔ all discovery exit paths wait for the queued latest preference before returning (3.473458ms)
✔ failed discovery writes finish the existing reload and leave the error visible before exit is allowed (2.283209ms)
ℹ tests 25
ℹ suites 0
ℹ pass 25
ℹ fail 0
ℹ cancelled 0
ℹ skipped 0
ℹ todo 0
ℹ duration_ms 322.212208
✔ 真实 Board 投影先关注筛选/排序，global 第 11 话题仍可达且呈现上限为 10 (34.201042ms)
✔ 真实 Board 从持久原始缓存读取，freshness 跳过网络而手动刷新只发启用源 (13.3645ms)
✔ 真实 Board Wi-Fi 偏好同时阻止热榜 HTTP 与标题翻译并保留缓存 (10.534292ms)
✔ 真实 Board 翻译失败局部报错，离页会 abort 同一翻译 signal 且迟到结果不写回 (19.346167ms)
✔ 真实 Board 离页期间缓存读取晚到，不赋值或启动网络请求 (10.940667ms)
✔ 真实 Board 聚合项携带全部热点来源资料，含无 URL 条目也能进入阅读 (9.497458ms)
✔ 真实 Board 系统返回先关闭话题 sheet，随后才允许页面返回 (3.663333ms)
✔ visible Board observes admitted tasks and same-job real phase/label changes, then completion removes the card (6.997042ms)
✔ hide/disappear release actual all-run subscription; queued callbacks are ignored and returning resubscribes (0.262ms)
✔ late scheduler initialization after hide cannot register, and stale failure cannot write visible error (0.19875ms)
✔ runtime initialization errors remain visible while real hotspot reading remains available (0.611667ms)
✔ no-URL random hotspot preserves actual source/rank/summary and routes via production Article params without starting a job (0.280708ms)
✔ aggregated random choice preserves all real provider metadata and all valid source links (0.360167ms)
✔ empty or invalid titles disable random reading and selection includes only current displayed source rows (0.252625ms)
✔ progress entry reopens the existing topic without discovery input rewrite and route failures are visible only while shown (0.321667ms)
✔ chat and novel product Boards keep the original hotspot entry without initializing standalone newsroom runtime (0.252625ms)
ℹ tests 16
ℹ suites 0
ℹ pass 16
ℹ fail 0
ℹ cancelled 0
ℹ skipped 0
ℹ todo 0
ℹ duration_ms 510.671125
✔ actual source action launches only absolute HTTP URLs through the system browser Want (27.62975ms)
✔ browser errors are visible, duplicate activation is blocked and unavailable context is explicit (8.541791ms)
✔ departed and reopened source pages reject old load, subscription and browser error callbacks (5.482584ms)
✔ a newer source observation wins over the older initial repository read in the same page (5.318ms)
✔ embedded sources read the article topic, and closing during exit invalidates callbacks and actions (3.457667ms)
✔ source disclosure animates the real expansion and reduced motion reaches the same content directly (6.945916ms)
✔ a stale disclosure animation callback cannot change a departed and reopened source page (4.323708ms)
✔ source disclosure keeps each discovery report separate while previewing full Composer text (3.576125ms)
✔ hidden discovery mount loads on its first visible transition and reloads after cancellation (27.306625ms)
✔ initially visible discovery mount uses its existing loading gate to prevent duplicate work (8.445417ms)
✔ browser launch failures report the failed action without claiming a clipboard write (5.558583ms)
✔ all discovery exit paths wait for the queued latest preference before returning (3.915708ms)
✔ failed discovery writes finish the existing reload and leave the error visible before exit is allowed (3.295584ms)
ℹ tests 13
ℹ suites 0
ℹ pass 13
ℹ fail 0
ℹ cancelled 0
ℹ skipped 0
ℹ todo 0
ℹ duration_ms 273.879792
