▶ parseInline basic
  ✔ empty string → empty array (0.5295ms)
✔ parseInline basic (0.890708ms)
▶ parseInline code
  ✔ code takes priority over bold/italic (0.200584ms)
✔ parseInline code (0.240084ms)
▶ parseInline bold
  ✔ bold cannot contain asterisks (0.11325ms)
✔ parseInline bold (0.160792ms)
▶ parseInline italic
  ✔ italic text (0.065042ms)
✔ parseInline italic (0.110833ms)
▶ parseInline link
  ✔ preserves balanced, escaped and angle-wrapped destinations for native reading (0.66925ms)
  ✔ uses the same destination rules for images and preserves escaped labels (0.075792ms)
  ✔ keeps code precedence and rejects unsafe wrapped destinations (0.108958ms)
  ✔ retains unfinished destinations as text and consumes deeply balanced URLs without recursion (1.322208ms)
  ✔ does not let an empty label consume a later valid link and retains formula precedence (0.06475ms)
  ✔ escaped labels keep brackets, backticks and dollar signs literal (0.061541ms)
  ✔ escaped-label prepass preserves code, math and normal image priority (0.08175ms)
  ✔ link (0.040958ms)
  ✔ unsafe scheme → plain text (0.031417ms)
✔ parseInline link (2.605042ms)
▶ parseInline image
  ✔ image takes priority over link (0.043292ms)
✔ parseInline image (0.069625ms)
▶ parseInline mixed
  ✔ bold + code + link in one line (0.044833ms)
✔ parseInline mixed (0.068666ms)
▶ parseMarkdown headings
  ✔ h1-h6 (0.32975ms)
  ✔ not a heading without space after # (1.288833ms)
✔ parseMarkdown headings (2.217042ms)
▶ parseMarkdown paragraphs
  ✔ two paragraphs separated by blank line (0.316833ms)
  ✔ multi-line paragraph (0.236125ms)
✔ parseMarkdown paragraphs (0.783958ms)
▶ parseMarkdown code blocks
  ✔ code block without lang (0.90625ms)
  ✔ code block with lang (0.173917ms)
  ✔ code block followed by paragraph (0.15175ms)
✔ parseMarkdown code blocks (1.419333ms)
▶ parseMarkdown lists
  ✔ ordered list preserves its source start number (0.371709ms)
  ✔ ordered list preserves zero as a valid start number (0.125ms)
  ✔ list items have inline tokens (0.160292ms)
  ✔ flat list omits depths field (0.0705ms)
  ✔ uniformly indented flat list also omits depths (0.069709ms)
  ✔ nested unordered list emits per-item depths (2 spaces per level) (0.094875ms)
  ✔ nested ordered list emits per-item depths (0.073625ms)
  ✔ depths clamp at 3 and never go negative on dedent (0.062459ms)
✔ parseMarkdown lists (1.268083ms)
▶ orderedListLabel numbering
  ✔ flat list continues from start (0.135083ms)
  ✔ nested depth restarts at 1, top level continues after it (0.084041ms)
  ✔ deeper depth resets when returning to a shallower one (0.070208ms)
✔ orderedListLabel numbering (0.410334ms)
▶ parseMarkdown blockquote
  ✔ multi-line blockquote (0.198584ms)
✔ parseMarkdown blockquote (0.246ms)
▶ parseMarkdown hr
  ✔ --- is hr (0.052334ms)
  ✔ *** is hr (0.027709ms)
✔ parseMarkdown hr (0.115584ms)
▶ parseMarkdown table
  ✔ simple table has stable columns and default alignment (0.198459ms)
  ✔ table preserves alignment markers and pads narrow rows (0.102417ms)
  ✔ escaped pipe stays inside one table cell (0.036667ms)
✔ parseMarkdown table (0.376958ms)
▶ parseMarkdown mixed document
  ✔ heading + paragraph + code + list (0.054708ms)
✔ parseMarkdown mixed document (0.07325ms)
▶ parseMarkdown safety
  ✔ does not collide with a user-written placeholder (0.067375ms)
  ✔ retains malformed input as text instead of throwing (6.890834ms)
✔ parseMarkdown safety (7.001834ms)
▶ parseMarkdown empty
  ✔ empty string → empty array (0.055958ms)
  ✔ whitespace only → empty array (0.024291ms)
✔ parseMarkdown empty (0.11675ms)
✔ partial heading markers always consume their source line (0.176417ms)
✔ prefixReuseSafe:空内容安全 (0.419917ms)
✔ prefixReuseSafe:末尾空行安全(块间分隔) (0.283333ms)
✔ prefixReuseSafe:完整块行安全(标题/水平线/闭合围栏) (0.957666ms)
✔ prefixReuseSafe:段落末行不安全(续行合并) (0.154542ms)
✔ prefixReuseSafe:未闭合代码围栏内部不安全 (0.113542ms)
✔ prefixReuseSafe:列表/引用/表格续行不安全 (0.089666ms)
✔ MarkdownCache:同内容同 offset 二次解析精确命中 (1.568ms)
✔ MarkdownCache:同 offset 不同内容全量重解析(失效) (0.794459ms)
✔ MarkdownCache:不同 message 互不干扰 (0.195208ms)
✔ MarkdownCache:前缀命中只解析尾部增量 (0.148333ms)
✔ MarkdownCache:前缀命中结果与全量解析一致 (0.111625ms)
✔ MarkdownCache:取最长安全前缀候选 (0.076291ms)
✔ MarkdownCache:围栏未闭合 → 前缀复用不安全 → 全量解析 (0.094333ms)
✔ MarkdownCache:闭合围栏后可安全增量 (0.055208ms)
✔ MarkdownCache:表格续行回退全量(前缀复用会产出错误块) (0.234042ms)
✔ MarkdownCache:条目数不超上限,LRU 淘汰最旧 (0.353416ms)
✔ MarkdownCache:同一消息旧 offset 条目被回收(offset 递增失效) (0.078125ms)
✔ MarkdownCache:get 直查不解析(MessageRenderCache.markdownParseResult 语义) (0.056458ms)
✔ MarkdownCache:clear 清空并重置统计 (0.07475ms)
✔ MarkdownCache:总字符预算不超上限 (18.750667ms)
✔ markdownCacheKey:messageId + offset 组合且不碰撞 (0.161709ms)
✔ MarkdownCache:stats 累计命中/解析次数 (0.147208ms)
✔ MarkdownCache:20KB稳定段落只解析一次,后续帧只解析活动尾并复用块对象 (10.385208ms)
✔ MarkdownCache:每字符流式代码/表格/列表/数学/换行与全量解析深等 (9.324041ms)
✔ MarkdownCache:替换/截短失效后重建稳定前缀 (0.133167ms)
✔ MarkdownCache:checkpoint前进只解析新完成片段和活动尾,统计实际parse调用 (0.09575ms)
▶ math Markdown recognition
  ✔ supports inline and display standard delimiters without consuming escaped dollars or code (0.831334ms)
  ✔ keeps multiline display formulas including internal blanks and Markdown-like lines in one block (0.508709ms)
  ✔ replaces an incomplete streaming formula when its closing delimiter arrives (0.529625ms)
✔ math Markdown recognition (2.312875ms)
✔ NativeInlineRenderer appends only new text and publishes stable surface (0.805959ms)
✔ NativeInlineRenderer replaces only incompatible tail after Markdown retyping, without replaying old text (0.178709ms)
✔ NativeInlineRenderer onFrame fades appended unit only, content unchanged and completion keeps fade running (0.088083ms)
✔ NativeInlineRenderer append units retain their own clocks and never replay earlier ranges (0.101ms)
✔ NativeInlineRenderer clamps fade to iOS 0.5s for 1/12 chars and scales 36/600 chars (0.105083ms)
✔ NativeInlineRenderer retype keeps only surviving prefix fades and never splits emoji (0.109917ms)
✔ style-only correction keeps existing opacity and does not replay already visible text (0.09975ms)
✔ fade frames publish rendering only, never rebind native text (0.066ms)
✔ drawing ranges are detached snapshots and track retyping and final fade retirement (0.1135ms)
✔ a newly mounted streaming paragraph fades in for 500ms even when its first snapshot is large (0.102666ms)
✔ PDF support requires both API 14 and ArkWeb capability (11.344084ms)
✔ text sharing uses plain text with its title and never creates a cache file (6.04775ms)
✔ Markdown save/share preserve exact UTF8 through short writes and retain the successful share file (6.609625ms)
✔ PDF save/share write only the view byteOffset/byteLength, close first and keep the shared file (5.359583ms)
✔ picker cancellation is false without opening or writing a file (4.078417ms)
✔ a picker result after the export panel closes cannot write the selected URI (4.196209ms)
✔ inactive exports never open picker/share UI and a late share gate cleans its prepared file (4.189792ms)
✔ share failure cleans the written cache file and preserves the original error when cleanup also fails (4.764708ms)
✔ cache write failure is cleaned before sharing and close/cleanup failures do not mask the write error (5.74025ms)
✔ a zero-byte write fails explicitly and cleans the incomplete share file (3.976208ms)
✔ a later failed markdown share of the same display filename preserves the previous recipient URI (4.518167ms)
✔ a later failed pdf share of the same display filename preserves the previous recipient URI (4.076333ms)
✔ repeated successful shares preserve independent immutable files with the same display filename (4.240666ms)
✔ TXT save and file share keep exact UTF8 and partial labels through short writes (3.67825ms)
✔ TXT cancellation and late picker result never write, and system share errors stay observable (5.66225ms)
✔ actual AST text formatter retains list numbering, nesting, links, images, tables and code facts in saved bytes (4.288916ms)
✔ DeepRead Web and TXT retain balanced parentheses in report destinations (4.268917ms)
✔ DeepRead Web and TXT unwrap angle destinations for links and images (0.1775ms)
✔ DeepRead retains code spans and blocks unsafe link/image destinations (0.093834ms)
ℹ tests 103
ℹ suites 19
ℹ pass 103
ℹ fail 0
ℹ cancelled 0
ℹ skipped 0
ℹ todo 0
ℹ duration_ms 459.656166
