▶ parseInline basic
  ✔ empty string → empty array (0.541708ms)
✔ parseInline basic (0.92ms)
▶ parseInline code
  ✔ code takes priority over bold/italic (0.227792ms)
✔ parseInline code (0.271375ms)
▶ parseInline bold
  ✔ bold cannot contain asterisks (0.125917ms)
✔ parseInline bold (0.172459ms)
▶ parseInline italic
  ✔ italic text (0.065459ms)
✔ parseInline italic (0.101416ms)
▶ parseInline link
  ✔ preserves balanced, escaped and angle-wrapped destinations for native reading (0.364292ms)
  ✔ uses the same destination rules for images and preserves escaped labels (0.075708ms)
  ✔ keeps code precedence and rejects unsafe wrapped destinations (0.104417ms)
  ✔ retains unfinished destinations as text and consumes deeply balanced URLs without recursion (1.366625ms)
  ✔ does not let an empty label consume a later valid link and retains formula precedence (0.065625ms)
  ✖ recovers the later source after malformed angle or unbalanced destinations (1.833667ms)
  ✖ code containing malformed destinations does not consume a following source (0.198625ms)
  ✖ recovers an unconsumed label directly after a malformed angle wrapper (0.105125ms)
  ✔ escaped labels keep brackets, backticks and dollar signs literal (0.047208ms)
  ✔ escaped-label prepass preserves code, math and normal image priority (0.08825ms)
  ✔ link (0.037875ms)
  ✔ unsafe scheme → plain text (0.029042ms)
✖ parseInline link (4.903167ms)
▶ parseInline image
  ✔ image takes priority over link (0.033458ms)
✔ parseInline image (0.06025ms)
▶ parseInline mixed
  ✔ bold + code + link in one line (0.041916ms)
✔ parseInline mixed (0.064083ms)
▶ parseMarkdown headings
  ✔ h1-h6 (0.348ms)
  ✔ not a heading without space after # (0.103709ms)
✔ parseMarkdown headings (0.490542ms)
▶ parseMarkdown paragraphs
  ✔ two paragraphs separated by blank line (0.042125ms)
  ✔ multi-line paragraph (0.053625ms)
✔ parseMarkdown paragraphs (0.124041ms)
▶ parseMarkdown code blocks
  ✔ code block without lang (0.0565ms)
  ✔ code block with lang (0.040459ms)
  ✔ code block followed by paragraph (0.032875ms)
✔ parseMarkdown code blocks (0.170417ms)
▶ parseMarkdown lists
  ✔ ordered list preserves its source start number (0.112291ms)
  ✔ ordered list preserves zero as a valid start number (0.044166ms)
  ✔ list items have inline tokens (0.0595ms)
  ✔ flat list omits depths field (0.037792ms)
  ✔ uniformly indented flat list also omits depths (0.032209ms)
  ✔ nested unordered list emits per-item depths (2 spaces per level) (0.037667ms)
  ✔ nested ordered list emits per-item depths (0.038083ms)
  ✔ depths clamp at 3 and never go negative on dedent (0.028209ms)
✔ parseMarkdown lists (0.468375ms)
▶ orderedListLabel numbering
  ✔ flat list continues from start (0.049ms)
  ✔ nested depth restarts at 1, top level continues after it (0.026917ms)
  ✔ deeper depth resets when returning to a shallower one (0.036917ms)
✔ orderedListLabel numbering (0.143583ms)
▶ parseMarkdown blockquote
  ✔ multi-line blockquote (0.043167ms)
✔ parseMarkdown blockquote (0.057375ms)
▶ parseMarkdown hr
  ✔ --- is hr (0.025334ms)
  ✔ *** is hr (0.017208ms)
✔ parseMarkdown hr (0.062625ms)
▶ parseMarkdown table
  ✔ simple table has stable columns and default alignment (0.147708ms)
  ✔ table preserves alignment markers and pads narrow rows (0.0715ms)
  ✔ escaped pipe stays inside one table cell (0.034208ms)
✔ parseMarkdown table (0.284417ms)
▶ parseMarkdown mixed document
  ✔ heading + paragraph + code + list (0.05025ms)
✔ parseMarkdown mixed document (0.074583ms)
▶ parseMarkdown safety
  ✔ does not collide with a user-written placeholder (0.05225ms)
  ✔ retains malformed input as text instead of throwing (4.7685ms)
✔ parseMarkdown safety (4.849375ms)
▶ parseMarkdown empty
  ✔ empty string → empty array (0.028959ms)
  ✔ whitespace only → empty array (0.020083ms)
✔ parseMarkdown empty (0.076041ms)
✔ partial heading markers always consume their source line (0.138458ms)
✔ prefixReuseSafe:空内容安全 (0.41925ms)
✔ prefixReuseSafe:末尾空行安全(块间分隔) (0.27525ms)
✔ prefixReuseSafe:完整块行安全(标题/水平线/闭合围栏) (0.07225ms)
✔ prefixReuseSafe:段落末行不安全(续行合并) (0.0465ms)
✔ prefixReuseSafe:未闭合代码围栏内部不安全 (0.086792ms)
✔ prefixReuseSafe:列表/引用/表格续行不安全 (0.041167ms)
✔ MarkdownCache:同内容同 offset 二次解析精确命中 (0.800125ms)
✔ MarkdownCache:同 offset 不同内容全量重解析(失效) (0.145834ms)
✔ MarkdownCache:不同 message 互不干扰 (0.132833ms)
✔ MarkdownCache:前缀命中只解析尾部增量 (0.136084ms)
✔ MarkdownCache:前缀命中结果与全量解析一致 (0.110917ms)
✔ MarkdownCache:取最长安全前缀候选 (0.098416ms)
✔ MarkdownCache:围栏未闭合 → 前缀复用不安全 → 全量解析 (0.084709ms)
✔ MarkdownCache:闭合围栏后可安全增量 (0.050459ms)
✔ MarkdownCache:表格续行回退全量(前缀复用会产出错误块) (0.229042ms)
✔ MarkdownCache:条目数不超上限,LRU 淘汰最旧 (0.387333ms)
✔ MarkdownCache:同一消息旧 offset 条目被回收(offset 递增失效) (0.066709ms)
✔ MarkdownCache:get 直查不解析(MessageRenderCache.markdownParseResult 语义) (0.050583ms)
✔ MarkdownCache:clear 清空并重置统计 (0.038917ms)
✔ MarkdownCache:总字符预算不超上限 (22.353875ms)
✔ markdownCacheKey:messageId + offset 组合且不碰撞 (0.33225ms)
✔ MarkdownCache:stats 累计命中/解析次数 (0.239625ms)
✔ MarkdownCache:20KB稳定段落只解析一次,后续帧只解析活动尾并复用块对象 (12.296875ms)
✔ MarkdownCache:每字符流式代码/表格/列表/数学/换行与全量解析深等 (6.18875ms)
✔ MarkdownCache:替换/截短失效后重建稳定前缀 (0.115584ms)
✔ MarkdownCache:checkpoint前进只解析新完成片段和活动尾,统计实际parse调用 (0.080833ms)
▶ math Markdown recognition
  ✔ supports inline and display standard delimiters without consuming escaped dollars or code (0.858625ms)
  ✔ keeps multiline display formulas including internal blanks and Markdown-like lines in one block (0.445542ms)
  ✔ replaces an incomplete streaming formula when its closing delimiter arrives (0.409708ms)
✔ math Markdown recognition (2.145ms)
✔ NativeInlineRenderer appends only new text and publishes stable surface (2.768459ms)
✔ NativeInlineRenderer replaces only incompatible tail after Markdown retyping, without replaying old text (0.235625ms)
✔ NativeInlineRenderer onFrame fades appended unit only, content unchanged and completion keeps fade running (0.102375ms)
✔ NativeInlineRenderer append units retain their own clocks and never replay earlier ranges (0.106958ms)
✔ NativeInlineRenderer clamps fade to iOS 0.5s for 1/12 chars and scales 36/600 chars (0.113292ms)
✔ NativeInlineRenderer retype keeps only surviving prefix fades and never splits emoji (0.102333ms)
✔ style-only correction keeps existing opacity and does not replay already visible text (0.111416ms)
✔ fade frames publish rendering only, never rebind native text (0.067916ms)
✔ drawing ranges are detached snapshots and track retyping and final fade retirement (0.110958ms)
✔ a newly mounted streaming paragraph fades in for 500ms even when its first snapshot is large (0.103458ms)
✔ PDF support requires both API 14 and ArkWeb capability (11.987959ms)
✔ text sharing uses plain text with its title and never creates a cache file (6.634459ms)
✔ Markdown save/share preserve exact UTF8 through short writes and retain the successful share file (7.113916ms)
✔ PDF save/share write only the view byteOffset/byteLength, close first and keep the shared file (5.073291ms)
✔ picker cancellation is false without opening or writing a file (4.443333ms)
✔ a picker result after the export panel closes cannot write the selected URI (4.405792ms)
✔ inactive exports never open picker/share UI and a late share gate cleans its prepared file (4.723ms)
✔ share failure cleans the written cache file and preserves the original error when cleanup also fails (5.425959ms)
✔ cache write failure is cleaned before sharing and close/cleanup failures do not mask the write error (6.642291ms)
✔ a zero-byte write fails explicitly and cleans the incomplete share file (4.589042ms)
✔ a later failed markdown share of the same display filename preserves the previous recipient URI (4.797ms)
✔ a later failed pdf share of the same display filename preserves the previous recipient URI (4.424792ms)
✔ repeated successful shares preserve independent immutable files with the same display filename (4.15125ms)
✔ TXT save and file share keep exact UTF8 and partial labels through short writes (3.929042ms)
✔ TXT cancellation and late picker result never write, and system share errors stay observable (6.066375ms)
✔ actual AST text formatter retains list numbering, nesting, links, images, tables and code facts in saved bytes (4.532875ms)
✔ DeepRead Web and TXT retain balanced parentheses in report destinations (5.355083ms)
✔ DeepRead Web and TXT unwrap angle destinations for links and images (0.224625ms)
✔ DeepRead retains code spans and blocks unsafe link/image destinations (0.114166ms)
✖ DeepRead retains the source anchor following malformed destinations or code examples (2.206166ms)
ℹ tests 107
ℹ suites 19
ℹ pass 103
ℹ fail 4
ℹ cancelled 0
ℹ skipped 0
ℹ todo 0
ℹ duration_ms 489.545583

✖ failing tests:

test at ../chat/src/test/markdown_blocks.test.ts:1:4053
✖ recovers the later source after malformed angle or unbalanced destinations (1.833667ms)
  AssertionError [ERR_ASSERTION]: Expected values to be strictly deep-equal:
  + actual - expected
  
  + []
  - [
  -   {
  -     text: '来源',
  -     type: 'link',
  -     url: 'https://example.com/source'
  -   }
  - ]
  
      at TestContext.<anonymous> (/Users/arquiel/Downloads/AI/DeepRead/harmony/chat/src/test/markdown_blocks.test.ts:122:14)
      at Test.runInAsyncScope (node:async_hooks:226:14)
      at Test.run (node:internal/test_runner/test:1402:25)
      at Suite.processPendingSubtests (node:internal/test_runner/test:974:18)
      at Test.postRun (node:internal/test_runner/test:1542:19)
      at Test.run (node:internal/test_runner/test:1467:12)
      at async Suite.processPendingSubtests (node:internal/test_runner/test:974:7) {
    generatedMessage: true,
    code: 'ERR_ASSERTION',
    actual: [],
    expected: [ { type: 'link', text: '来源', url: 'https://example.com/source' } ],
    operator: 'deepStrictEqual',
    diff: 'simple'
  }

test at ../chat/src/test/markdown_blocks.test.ts:1:4484
✖ code containing malformed destinations does not consume a following source (0.198625ms)
  AssertionError [ERR_ASSERTION]: Expected values to be strictly deep-equal:
  + actual - expected
  
    [
      {
        text: '[坏](<https://bad.example)',
        type: 'code'
      },
      {
  +     text: ' [来源](https://example.com/source)',
  -     text: ' ',
        type: 'text'
      },
  -   {
  -     text: '来源',
  -     type: 'link',
  -     url: 'https://example.com/source'
  -   }
    ]
  
      at TestContext.<anonymous> (/Users/arquiel/Downloads/AI/DeepRead/harmony/chat/src/test/markdown_blocks.test.ts:129:12)
      at Test.runInAsyncScope (node:async_hooks:226:14)
      at Test.run (node:internal/test_runner/test:1402:25)
      at Suite.processPendingSubtests (node:internal/test_runner/test:974:18)
      at Test.postRun (node:internal/test_runner/test:1542:19)
      at Test.run (node:internal/test_runner/test:1467:12)
      at async Suite.processPendingSubtests (node:internal/test_runner/test:974:7) {
    generatedMessage: true,
    code: 'ERR_ASSERTION',
    actual: [ { type: 'code', text: '[坏](<https://bad.example)' }, { type: 'text', text: ' [来源](https://example.com/source)' } ],
    expected: [ { type: 'code', text: '[坏](<https://bad.example)' }, { type: 'text', text: ' ' }, { type: 'link', text: '来源', url: 'https://example.com/source' } ],
    operator: 'deepStrictEqual',
    diff: 'simple'
  }

test at ../chat/src/test/markdown_blocks.test.ts:1:4824
✖ recovers an unconsumed label directly after a malformed angle wrapper (0.105125ms)
  AssertionError [ERR_ASSERTION]: Expected values to be strictly deep-equal:
  + actual - expected
  
  + []
  - [
  -   {
  -     text: '来源',
  -     type: 'link',
  -     url: 'https://example.com/source'
  -   }
  - ]
  
      at TestContext.<anonymous> (/Users/arquiel/Downloads/AI/DeepRead/harmony/chat/src/test/markdown_blocks.test.ts:137:12)
      at Test.runInAsyncScope (node:async_hooks:226:14)
      at Test.run (node:internal/test_runner/test:1402:25)
      at Suite.processPendingSubtests (node:internal/test_runner/test:974:18)
      at Test.postRun (node:internal/test_runner/test:1542:19)
      at Test.run (node:internal/test_runner/test:1467:12)
      at async Suite.processPendingSubtests (node:internal/test_runner/test:974:7) {
    generatedMessage: true,
    code: 'ERR_ASSERTION',
    actual: [],
    expected: [ { type: 'link', text: '来源', url: 'https://example.com/source' } ],
    operator: 'deepStrictEqual',
    diff: 'simple'
  }

test at src/test/deepread_markdown_links.test.cjs:45:1
✖ DeepRead retains the source anchor following malformed destinations or code examples (2.206166ms)
  AssertionError [ERR_ASSERTION]: The expression evaluated to a falsy value:
  
    assert.ok(deepReadMarkdownHtml(source).includes('<a href="https://example.com/source">来源</a>'))
  
      at TestContext.<anonymous> (/Users/arquiel/Downloads/AI/DeepRead/harmony/deepread/src/test/deepread_markdown_links.test.cjs:48:12)
      at Test.runInAsyncScope (node:async_hooks:226:14)
      at Test.run (node:internal/test_runner/test:1402:25)
      at Test.processPendingSubtests (node:internal/test_runner/test:974:18)
      at Test.postRun (node:internal/test_runner/test:1542:19)
      at Test.run (node:internal/test_runner/test:1467:12)
      at async Test.processPendingSubtests (node:internal/test_runner/test:974:7) {
    generatedMessage: true,
    code: 'ERR_ASSERTION',
    actual: false,
    expected: true,
    operator: '==',
    diff: 'simple'
  }
